[36mvite v8.0.3 [32mbuilding client environment for production...[36m[39m
[2K
transforming...Γ£ô 2226 modules transformed.
rendering chunks...
node.exe : [31mΓ£ù[39m 
Build failed in 1.12s
At line:1 char:1
+ & "C:\Program 
Files\nodejs/node.exe" "C:
\Users\Dhanush\AppData\Roa
min ...
+ ~~~~~~~~~~~~~~~~~~~~~~~~
~~~~~~~~~~~~~~~~~~~~~~~~~~
~~~~~~~~~~~~~~~~~~~
    + CategoryInfo        
      : NotSpecified: (  
  [31mΓ£ù[39m Build fa   
 iled in 1.12s:String)    
 [], RemoteException
    + FullyQualifiedError 
   Id : NativeCommandErr  
  or
 
[31merror during build:
[31mBuild failed with 1 
error:

[31m[MISSING_EXPORT] 
Error:[0m "Github" is 
not exported by "node_modu
les/lucide-react/dist/esm/
lucide-react.js".
   [38;5;246mΓò¡[0m[38;
5;246mΓöÇ[0m[38;5;246m[
[0m src/pages/AuthLanding.
jsx:4:63 [38;5;246m][0m
   [38;5;246mΓöé[0m
 [38;5;246m4 Γöé[0m [38
;5;249mi[0m[38;5;249mm[
0m[38;5;249mp[0m[38;5;2
49mo[0m[38;5;249mr[0m[
38;5;249mt[0m[38;5;249m 
[0m[38;5;249m{[0m[38;5
;249m [0m[38;5;249mA[0m
[38;5;249mr[0m[38;5;249
mr[0m[38;5;249mo[0m[38
;5;249mw[0m[38;5;249mR[
0m[38;5;249mi[0m[38;5;2
49mg[0m[38;5;249mh[0m[
38;5;249mt[0m[38;5;249m,
[0m[38;5;249m [0m[38;5
;249mC[0m[38;5;249mh[0m
[38;5;249me[0m[38;5;249
mv[0m[38;5;249mr[0m[38
;5;249mo[0m[38;5;249mn[
0m[38;5;249mD[0m[38;5;2
49mo[0m[38;5;249mw[0m[
38;5;249mn[0m[38;5;249m,
[0m[38;5;249m [0m[38;5
;249mS[0m[38;5;249mp[0m
[38;5;249ma[0m[38;5;249
mr[0m[38;5;249mk[0m[38
;5;249ml[0m[38;5;249me[
0m[38;5;249ms[0m[38;5;2
49m,[0m[38;5;249m [0m[
38;5;249mU[0m[38;5;249ms
[0m[38;5;249me[0m[38;5
;249mr[0m[38;5;249m,[0m
[38;5;249m [0m[38;5;249
mL[0m[38;5;249mo[0m[38
;5;249mc[0m[38;5;249mk[
0m[38;5;249m,[0m[38;5;2
49m [0m[38;5;249mM[0m[
38;5;249ma[0m[38;5;249mi
[0m[38;5;249ml[0m[38;5
;249m,[0m[38;5;249m 
[0mGithub[38;5;249m [0m
[38;5;249m}[0m[38;5;249
m [0m[38;5;249mf[0m[38
;5;249mr[0m[38;5;249mo[
0m[38;5;249mm[0m[38;5;2
49m [0m[38;5;249m"[0m[
38;5;249ml[0m[38;5;249mu
[0m[38;5;249mc[0m[38;5
;249mi[0m[38;5;249md[0m
[38;5;249me[0m[38;5;249
m-[0m[38;5;249mr[0m[38
;5;249me[0m[38;5;249ma[
0m[38;5;249mc[0m[38;5;2
49mt[0m[38;5;249m"[0m[
38;5;249m;[0m
 [38;5;240m  Γöé[0m     
                          
                          
      ΓöÇΓöÇΓöÇΓö¼ΓöÇΓöÇ  
 [38;5;240m  Γöé[0m     
                          
                          
         Γò░ΓöÇΓöÇΓöÇΓöÇ 
Missing export
[38;5;246mΓöÇΓöÇΓöÇΓò»[0
m
[31m
    at aggregateBindingErr
orsIntoJsError (file:///C:
/Users/Dhanush/OneDrive/De
sktop/PROJECTS/TutorBoard/
client/node_modules/rolldo
wn/dist/shared/error-BLhcS
yeg.mjs:48:18)
    at 
unwrapBindingResult (file:
///C:/Users/Dhanush/OneDri
ve/Desktop/PROJECTS/TutorB
oard/client/node_modules/r
olldown/dist/shared/error-
BLhcSyeg.mjs:18:128)
    at #build (file:///C:/
Users/Dhanush/OneDrive/Des
ktop/PROJECTS/TutorBoard/c
lient/node_modules/rolldow
n/dist/shared/rolldown-bui
ld-CPrIX9V6.mjs:3313:34)
    at async 
buildEnvironment (file:///
C:/Users/Dhanush/OneDrive/
Desktop/PROJECTS/TutorBoar
d/client/node_modules/vite
/dist/node/chunks/node.js:
32849:64)
    at async Object.build 
(file:///C:/Users/Dhanush/
OneDrive/Desktop/PROJECTS/
TutorBoard/client/node_mod
ules/vite/dist/node/chunks
/node.js:33271:19)
    at async 
Object.buildApp (file:///C
:/Users/Dhanush/OneDrive/D
esktop/PROJECTS/TutorBoard
/client/node_modules/vite/
dist/node/chunks/node.js:3
3268:153)
    at async 
CAC.<anonymous> (file:///C
:/Users/Dhanush/OneDrive/D
esktop/PROJECTS/TutorBoard
/client/node_modules/vite/
dist/node/cli.js:778:3) {
  errors: [Getter/Setter]
}[39m
